/*C12*/SET SCHEMA PUBLIC
DELETE FROM USER_SESSION WHERE BOOK_ID=24
INSERT INTO USER_SESSION VALUES(24,1778473789128,157,1.440000057220459E0,TRUE,428)
COMMIT
DELETE FROM USER_SESSION WHERE BOOK_ID=24
INSERT INTO USER_SESSION VALUES(24,1778473789597,157,1.440000057220459E0,TRUE,428)
COMMIT
DELETE FROM USER_SESSION WHERE BOOK_ID=68
INSERT INTO USER_SESSION VALUES(68,1778473789961,147,1.440000057220459E0,TRUE,258)
COMMIT
DELETE FROM USER_SESSION WHERE BOOK_ID=68
INSERT INTO USER_SESSION VALUES(68,1778473790105,147,1.440000057220459E0,TRUE,258)
COMMIT
DELETE FROM USER_SESSION WHERE BOOK_ID=94
INSERT INTO USER_SESSION VALUES(94,1778473790331,78,1.440000057220459E0,TRUE,408)
COMMIT
DELETE FROM USER_SESSION WHERE BOOK_ID=94
INSERT INTO USER_SESSION VALUES(94,1778473790492,78,1.440000057220459E0,TRUE,408)
COMMIT
DELETE FROM USER_SESSION WHERE BOOK_ID=114
INSERT INTO USER_SESSION VALUES(114,1778473790633,224,2.4883203506469727E0,TRUE,360)
COMMIT
DELETE FROM USER_SESSION WHERE BOOK_ID=114
INSERT INTO USER_SESSION VALUES(114,1778473790692,224,2.4883203506469727E0,TRUE,360)
COMMIT
DELETE FROM USER_SESSION WHERE BOOK_ID=123
INSERT INTO USER_SESSION VALUES(123,1778473791028,2000,1.440000057220459E0,TRUE,2755)
COMMIT
DELETE FROM USER_SESSION WHERE BOOK_ID=123
INSERT INTO USER_SESSION VALUES(123,1778473791124,2000,1.440000057220459E0,TRUE,2755)
COMMIT
DELETE FROM USER_SESSION WHERE BOOK_ID=124
INSERT INTO USER_SESSION VALUES(124,1778473791351,527,1.440000057220459E0,TRUE,715)
COMMIT
DELETE FROM USER_SESSION WHERE BOOK_ID=124
INSERT INTO USER_SESSION VALUES(124,1778473791507,527,1.440000057220459E0,TRUE,715)
COMMIT
DELETE FROM USER_SESSION WHERE BOOK_ID=68
INSERT INTO USER_SESSION VALUES(68,1778473793554,147,1.440000057220459E0,TRUE,258)
COMMIT
DELETE FROM USER_SESSION WHERE BOOK_ID=68
INSERT INTO USER_SESSION VALUES(68,1778473831441,148,1.440000057220459E0,TRUE,258)
COMMIT
DELETE FROM USER_SESSION WHERE BOOK_ID=68
INSERT INTO USER_SESSION VALUES(68,1778473832154,149,1.440000057220459E0,TRUE,258)
COMMIT
DELETE FROM USER_SESSION WHERE BOOK_ID=68
INSERT INTO USER_SESSION VALUES(68,1778473832839,150,1.440000057220459E0,TRUE,258)
COMMIT
DELETE FROM USER_SESSION WHERE BOOK_ID=68
INSERT INTO USER_SESSION VALUES(68,1778473833524,151,1.440000057220459E0,TRUE,258)
COMMIT
DELETE FROM USER_SESSION WHERE BOOK_ID=68
INSERT INTO USER_SESSION VALUES(68,1778473834226,152,1.440000057220459E0,TRUE,258)
COMMIT
INSERT INTO MEDIA_LINK VALUES(59,68,152,'Learn Arabic Language','https://www.youtube.com/watch?v=Us0lzd3VWHs')
COMMIT
DELETE FROM USER_SESSION WHERE BOOK_ID=68
INSERT INTO USER_SESSION VALUES(68,1778473887272,153,1.440000057220459E0,TRUE,258)
COMMIT
DELETE FROM USER_SESSION WHERE BOOK_ID=68
INSERT INTO USER_SESSION VALUES(68,1778473887882,154,1.440000057220459E0,TRUE,258)
COMMIT
DELETE FROM USER_SESSION WHERE BOOK_ID=68
INSERT INTO USER_SESSION VALUES(68,1778473888604,155,1.440000057220459E0,TRUE,258)
COMMIT
DELETE FROM USER_SESSION WHERE BOOK_ID=68
INSERT INTO USER_SESSION VALUES(68,1778473889234,156,1.440000057220459E0,TRUE,258)
COMMIT
INSERT INTO MEDIA_LINK VALUES(60,68,156,'Learn Arabic Language','https://www.youtube.com/watch?v=lg4Ulkba_oo')
COMMIT
DELETE FROM USER_SESSION WHERE BOOK_ID=68
INSERT INTO USER_SESSION VALUES(68,1778473930056,157,1.440000057220459E0,TRUE,258)
COMMIT
DELETE FROM USER_SESSION WHERE BOOK_ID=68
INSERT INTO USER_SESSION VALUES(68,1778473930685,158,1.440000057220459E0,TRUE,258)
COMMIT
DELETE FROM USER_SESSION WHERE BOOK_ID=68
INSERT INTO USER_SESSION VALUES(68,1778473931350,159,1.440000057220459E0,TRUE,258)
COMMIT
DELETE FROM USER_SESSION WHERE BOOK_ID=68
INSERT INTO USER_SESSION VALUES(68,1778473931968,160,1.440000057220459E0,TRUE,258)
COMMIT
INSERT INTO MEDIA_LINK VALUES(61,68,160,'Learn Arabic Language','https://www.youtube.com/watch?v=doeqSFLiXDw')
COMMIT
DELETE FROM USER_SESSION WHERE BOOK_ID=68
INSERT INTO USER_SESSION VALUES(68,1778473971385,161,1.440000057220459E0,TRUE,258)
COMMIT
DELETE FROM USER_SESSION WHERE BOOK_ID=68
INSERT INTO USER_SESSION VALUES(68,1778473972160,162,1.440000057220459E0,TRUE,258)
COMMIT
DELETE FROM USER_SESSION WHERE BOOK_ID=68
INSERT INTO USER_SESSION VALUES(68,1778473972784,163,1.440000057220459E0,TRUE,258)
COMMIT
DELETE FROM USER_SESSION WHERE BOOK_ID=68
INSERT INTO USER_SESSION VALUES(68,1778473973368,164,1.440000057220459E0,TRUE,258)
COMMIT
DELETE FROM USER_SESSION WHERE BOOK_ID=68
INSERT INTO USER_SESSION VALUES(68,1778473973980,165,1.440000057220459E0,TRUE,258)
COMMIT
DELETE FROM USER_SESSION WHERE BOOK_ID=68
INSERT INTO USER_SESSION VALUES(68,1778473974589,166,1.440000057220459E0,TRUE,258)
COMMIT
DELETE FROM USER_SESSION WHERE BOOK_ID=68
INSERT INTO USER_SESSION VALUES(68,1778473975174,167,1.440000057220459E0,TRUE,258)
COMMIT
DELETE FROM USER_SESSION WHERE BOOK_ID=68
INSERT INTO USER_SESSION VALUES(68,1778473975737,168,1.440000057220459E0,TRUE,258)
COMMIT
DELETE FROM USER_SESSION WHERE BOOK_ID=68
INSERT INTO USER_SESSION VALUES(68,1778473976353,169,1.440000057220459E0,TRUE,258)
COMMIT
DELETE FROM USER_SESSION WHERE BOOK_ID=68
INSERT INTO USER_SESSION VALUES(68,1778473976954,170,1.440000057220459E0,TRUE,258)
COMMIT
DELETE FROM USER_SESSION WHERE BOOK_ID=68
INSERT INTO USER_SESSION VALUES(68,1778473977515,171,1.440000057220459E0,TRUE,258)
COMMIT
DELETE FROM USER_SESSION WHERE BOOK_ID=68
INSERT INTO USER_SESSION VALUES(68,1778473978502,172,1.440000057220459E0,TRUE,258)
COMMIT
DELETE FROM USER_SESSION WHERE BOOK_ID=68
INSERT INTO USER_SESSION VALUES(68,1778473980563,173,1.440000057220459E0,TRUE,258)
COMMIT
INSERT INTO MEDIA_LINK VALUES(62,68,173,'Learn Arabic Language','https://www.youtube.com/watch?v=zbndmqW9_ZM')
COMMIT
DELETE FROM USER_SESSION WHERE BOOK_ID=68
INSERT INTO USER_SESSION VALUES(68,1778474003302,174,1.440000057220459E0,TRUE,258)
COMMIT
DELETE FROM USER_SESSION WHERE BOOK_ID=68
INSERT INTO USER_SESSION VALUES(68,1778474004206,175,1.440000057220459E0,TRUE,258)
COMMIT
DELETE FROM USER_SESSION WHERE BOOK_ID=68
INSERT INTO USER_SESSION VALUES(68,1778474004793,176,1.440000057220459E0,TRUE,258)
COMMIT
DELETE FROM USER_SESSION WHERE BOOK_ID=68
INSERT INTO USER_SESSION VALUES(68,1778474005424,177,1.440000057220459E0,TRUE,258)
COMMIT
DELETE FROM USER_SESSION WHERE BOOK_ID=68
INSERT INTO USER_SESSION VALUES(68,1778474006044,178,1.440000057220459E0,TRUE,258)
COMMIT
INSERT INTO MEDIA_LINK VALUES(63,68,178,'Learn Arabic Language','https://www.youtube.com/watch?v=Tr5lu-DFxU4')
COMMIT
DELETE FROM USER_SESSION WHERE BOOK_ID=68
INSERT INTO USER_SESSION VALUES(68,1778474057514,179,1.440000057220459E0,TRUE,258)
COMMIT
DELETE FROM USER_SESSION WHERE BOOK_ID=68
INSERT INTO USER_SESSION VALUES(68,1778474058159,180,1.440000057220459E0,TRUE,258)
COMMIT
DELETE FROM USER_SESSION WHERE BOOK_ID=68
INSERT INTO USER_SESSION VALUES(68,1778474058765,181,1.440000057220459E0,TRUE,258)
COMMIT
DELETE FROM USER_SESSION WHERE BOOK_ID=68
INSERT INTO USER_SESSION VALUES(68,1778474059444,182,1.440000057220459E0,TRUE,258)
COMMIT
INSERT INTO MEDIA_LINK VALUES(64,68,182,'Learn Arabic Language','https://www.youtube.com/watch?v=x--iToePrhU')
COMMIT
DELETE FROM USER_SESSION WHERE BOOK_ID=68
INSERT INTO USER_SESSION VALUES(68,1778474111819,183,1.440000057220459E0,TRUE,258)
COMMIT
DELETE FROM USER_SESSION WHERE BOOK_ID=68
INSERT INTO USER_SESSION VALUES(68,1778474112430,184,1.440000057220459E0,TRUE,258)
COMMIT
DELETE FROM USER_SESSION WHERE BOOK_ID=68
INSERT INTO USER_SESSION VALUES(68,1778474112944,185,1.440000057220459E0,TRUE,258)
COMMIT
DELETE FROM USER_SESSION WHERE BOOK_ID=68
INSERT INTO USER_SESSION VALUES(68,1778474113583,186,1.440000057220459E0,TRUE,258)
COMMIT
INSERT INTO MEDIA_LINK VALUES(65,68,186,'Learn Arabic Language','https://www.youtube.com/watch?v=M5JPB3-e8GU')
COMMIT
DELETE FROM USER_SESSION WHERE BOOK_ID=68
INSERT INTO USER_SESSION VALUES(68,1778474129855,187,1.440000057220459E0,TRUE,258)
COMMIT
DELETE FROM USER_SESSION WHERE BOOK_ID=68
INSERT INTO USER_SESSION VALUES(68,1778474130443,188,1.440000057220459E0,TRUE,258)
COMMIT
DELETE FROM USER_SESSION WHERE BOOK_ID=68
INSERT INTO USER_SESSION VALUES(68,1778474130906,189,1.440000057220459E0,TRUE,258)
COMMIT
DELETE FROM USER_SESSION WHERE BOOK_ID=68
INSERT INTO USER_SESSION VALUES(68,1778474131464,190,1.440000057220459E0,TRUE,258)
COMMIT
DELETE FROM USER_SESSION WHERE BOOK_ID=68
INSERT INTO USER_SESSION VALUES(68,1778474131994,191,1.440000057220459E0,TRUE,258)
COMMIT
DELETE FROM USER_SESSION WHERE BOOK_ID=68
INSERT INTO USER_SESSION VALUES(68,1778474132488,192,1.440000057220459E0,TRUE,258)
COMMIT
DELETE FROM USER_SESSION WHERE BOOK_ID=68
INSERT INTO USER_SESSION VALUES(68,1778474133129,193,1.440000057220459E0,TRUE,258)
COMMIT
DELETE FROM USER_SESSION WHERE BOOK_ID=68
INSERT INTO USER_SESSION VALUES(68,1778474133906,194,1.440000057220459E0,TRUE,258)
COMMIT
DELETE FROM USER_SESSION WHERE BOOK_ID=68
INSERT INTO USER_SESSION VALUES(68,1778474173620,195,1.440000057220459E0,TRUE,258)
COMMIT
DELETE FROM USER_SESSION WHERE BOOK_ID=68
INSERT INTO USER_SESSION VALUES(68,1778474174919,196,1.440000057220459E0,TRUE,258)
COMMIT
DELETE FROM USER_SESSION WHERE BOOK_ID=68
INSERT INTO USER_SESSION VALUES(68,1778474175499,197,1.440000057220459E0,TRUE,258)
COMMIT
DELETE FROM USER_SESSION WHERE BOOK_ID=68
INSERT INTO USER_SESSION VALUES(68,1778474176091,198,1.440000057220459E0,TRUE,258)
COMMIT
DELETE FROM USER_SESSION WHERE BOOK_ID=68
INSERT INTO USER_SESSION VALUES(68,1778474176624,199,1.440000057220459E0,TRUE,258)
COMMIT
DELETE FROM USER_SESSION WHERE BOOK_ID=68
INSERT INTO USER_SESSION VALUES(68,1778474177245,200,1.440000057220459E0,TRUE,258)
COMMIT
DELETE FROM USER_SESSION WHERE BOOK_ID=68
INSERT INTO USER_SESSION VALUES(68,1778474178234,201,1.440000057220459E0,TRUE,258)
COMMIT
DELETE FROM USER_SESSION WHERE BOOK_ID=68
INSERT INTO USER_SESSION VALUES(68,1778474178771,202,1.440000057220459E0,TRUE,258)
COMMIT
DELETE FROM USER_SESSION WHERE BOOK_ID=68
INSERT INTO USER_SESSION VALUES(68,1778474179357,203,1.440000057220459E0,TRUE,258)
COMMIT
DELETE FROM USER_SESSION WHERE BOOK_ID=68
INSERT INTO USER_SESSION VALUES(68,1778474180055,204,1.440000057220459E0,TRUE,258)
COMMIT
DELETE FROM USER_SESSION WHERE BOOK_ID=68
INSERT INTO USER_SESSION VALUES(68,1778474185191,205,1.440000057220459E0,TRUE,258)
COMMIT
DELETE FROM USER_SESSION WHERE BOOK_ID=68
INSERT INTO USER_SESSION VALUES(68,1778474185842,206,1.440000057220459E0,TRUE,258)
COMMIT
DELETE FROM USER_SESSION WHERE BOOK_ID=68
INSERT INTO USER_SESSION VALUES(68,1778474186605,207,1.440000057220459E0,TRUE,258)
COMMIT
DELETE FROM USER_SESSION WHERE BOOK_ID=68
INSERT INTO USER_SESSION VALUES(68,1778474188056,206,1.440000057220459E0,TRUE,258)
COMMIT
DELETE FROM USER_SESSION WHERE BOOK_ID=68
INSERT INTO USER_SESSION VALUES(68,1778474193540,207,1.440000057220459E0,TRUE,258)
COMMIT
DELETE FROM USER_SESSION WHERE BOOK_ID=68
INSERT INTO USER_SESSION VALUES(68,1778474194119,208,1.440000057220459E0,TRUE,258)
COMMIT
DELETE FROM USER_SESSION WHERE BOOK_ID=68
INSERT INTO USER_SESSION VALUES(68,1778474194582,209,1.440000057220459E0,TRUE,258)
COMMIT
DELETE FROM USER_SESSION WHERE BOOK_ID=68
INSERT INTO USER_SESSION VALUES(68,1778474195750,208,1.440000057220459E0,TRUE,258)
COMMIT
DELETE FROM USER_SESSION WHERE BOOK_ID=68
INSERT INTO USER_SESSION VALUES(68,1778474196891,209,1.440000057220459E0,TRUE,258)
COMMIT
DELETE FROM USER_SESSION WHERE BOOK_ID=68
INSERT INTO USER_SESSION VALUES(68,1778474197544,210,1.440000057220459E0,TRUE,258)
COMMIT
DELETE FROM USER_SESSION WHERE BOOK_ID=68
INSERT INTO USER_SESSION VALUES(68,1778474198026,211,1.440000057220459E0,TRUE,258)
COMMIT
DELETE FROM USER_SESSION WHERE BOOK_ID=68
INSERT INTO USER_SESSION VALUES(68,1778474198648,212,1.440000057220459E0,TRUE,258)
COMMIT
DELETE FROM USER_SESSION WHERE BOOK_ID=68
INSERT INTO USER_SESSION VALUES(68,1778474199269,213,1.440000057220459E0,TRUE,258)
COMMIT
DELETE FROM USER_SESSION WHERE BOOK_ID=68
INSERT INTO USER_SESSION VALUES(68,1778474199894,214,1.440000057220459E0,TRUE,258)
COMMIT
DELETE FROM USER_SESSION WHERE BOOK_ID=68
INSERT INTO USER_SESSION VALUES(68,1778474200520,215,1.440000057220459E0,TRUE,258)
COMMIT
DELETE FROM USER_SESSION WHERE BOOK_ID=68
INSERT INTO USER_SESSION VALUES(68,1778474201134,216,1.440000057220459E0,TRUE,258)
COMMIT
DELETE FROM USER_SESSION WHERE BOOK_ID=68
INSERT INTO USER_SESSION VALUES(68,1778474201851,217,1.440000057220459E0,TRUE,258)
COMMIT
DELETE FROM USER_SESSION WHERE BOOK_ID=68
INSERT INTO USER_SESSION VALUES(68,1778474202442,218,1.440000057220459E0,TRUE,258)
COMMIT
DELETE FROM USER_SESSION WHERE BOOK_ID=68
INSERT INTO USER_SESSION VALUES(68,1778474202979,219,1.440000057220459E0,TRUE,258)
COMMIT
DELETE FROM USER_SESSION WHERE BOOK_ID=68
INSERT INTO USER_SESSION VALUES(68,1778474203563,220,1.440000057220459E0,TRUE,258)
COMMIT
DELETE FROM USER_SESSION WHERE BOOK_ID=68
INSERT INTO USER_SESSION VALUES(68,1778474204157,221,1.440000057220459E0,TRUE,258)
COMMIT
DELETE FROM USER_SESSION WHERE BOOK_ID=68
INSERT INTO USER_SESSION VALUES(68,1778474204740,222,1.440000057220459E0,TRUE,258)
COMMIT
DELETE FROM USER_SESSION WHERE BOOK_ID=68
INSERT INTO USER_SESSION VALUES(68,1778474205686,223,1.440000057220459E0,TRUE,258)
COMMIT
DELETE FROM USER_SESSION WHERE BOOK_ID=68
INSERT INTO USER_SESSION VALUES(68,1778474208407,224,1.440000057220459E0,TRUE,258)
COMMIT
DELETE FROM USER_SESSION WHERE BOOK_ID=68
INSERT INTO USER_SESSION VALUES(68,1778474209006,225,1.440000057220459E0,TRUE,258)
COMMIT
DELETE FROM USER_SESSION WHERE BOOK_ID=68
INSERT INTO USER_SESSION VALUES(68,1778474209470,226,1.440000057220459E0,TRUE,258)
COMMIT
DELETE FROM USER_SESSION WHERE BOOK_ID=68
INSERT INTO USER_SESSION VALUES(68,1778474211294,227,1.440000057220459E0,TRUE,258)
COMMIT
DELETE FROM USER_SESSION WHERE BOOK_ID=68
INSERT INTO USER_SESSION VALUES(68,1778474212453,228,1.440000057220459E0,TRUE,258)
COMMIT
DELETE FROM USER_SESSION WHERE BOOK_ID=68
INSERT INTO USER_SESSION VALUES(68,1778474213564,227,1.440000057220459E0,TRUE,258)
COMMIT
DELETE FROM USER_SESSION WHERE BOOK_ID=68
INSERT INTO USER_SESSION VALUES(68,1778474213849,226,1.440000057220459E0,TRUE,258)
COMMIT
DELETE FROM USER_SESSION WHERE BOOK_ID=68
INSERT INTO USER_SESSION VALUES(68,1778474214041,225,1.440000057220459E0,TRUE,258)
COMMIT
DELETE FROM USER_SESSION WHERE BOOK_ID=68
INSERT INTO USER_SESSION VALUES(68,1778474214219,224,1.440000057220459E0,TRUE,258)
COMMIT
DELETE FROM USER_SESSION WHERE BOOK_ID=68
INSERT INTO USER_SESSION VALUES(68,1778474214398,223,1.440000057220459E0,TRUE,258)
COMMIT
DELETE FROM USER_SESSION WHERE BOOK_ID=68
INSERT INTO USER_SESSION VALUES(68,1778474214571,222,1.440000057220459E0,TRUE,258)
COMMIT
DELETE FROM USER_SESSION WHERE BOOK_ID=68
INSERT INTO USER_SESSION VALUES(68,1778474214733,221,1.440000057220459E0,TRUE,258)
COMMIT
DELETE FROM USER_SESSION WHERE BOOK_ID=68
INSERT INTO USER_SESSION VALUES(68,1778474214903,220,1.440000057220459E0,TRUE,258)
COMMIT
DELETE FROM USER_SESSION WHERE BOOK_ID=68
INSERT INTO USER_SESSION VALUES(68,1778474215081,219,1.440000057220459E0,TRUE,258)
COMMIT
DELETE FROM USER_SESSION WHERE BOOK_ID=68
INSERT INTO USER_SESSION VALUES(68,1778474215260,218,1.440000057220459E0,TRUE,258)
COMMIT
DELETE FROM USER_SESSION WHERE BOOK_ID=68
INSERT INTO USER_SESSION VALUES(68,1778474215450,217,1.440000057220459E0,TRUE,258)
COMMIT
DELETE FROM USER_SESSION WHERE BOOK_ID=68
INSERT INTO USER_SESSION VALUES(68,1778474215634,216,1.440000057220459E0,TRUE,258)
COMMIT
DELETE FROM USER_SESSION WHERE BOOK_ID=68
INSERT INTO USER_SESSION VALUES(68,1778474215812,215,1.440000057220459E0,TRUE,258)
COMMIT
DELETE FROM USER_SESSION WHERE BOOK_ID=68
INSERT INTO USER_SESSION VALUES(68,1778474216001,214,1.440000057220459E0,TRUE,258)
COMMIT
DELETE FROM USER_SESSION WHERE BOOK_ID=68
INSERT INTO USER_SESSION VALUES(68,1778474216228,213,1.440000057220459E0,TRUE,258)
COMMIT
DELETE FROM USER_SESSION WHERE BOOK_ID=68
INSERT INTO USER_SESSION VALUES(68,1778474216420,212,1.440000057220459E0,TRUE,258)
COMMIT
DELETE FROM USER_SESSION WHERE BOOK_ID=68
INSERT INTO USER_SESSION VALUES(68,1778474216689,211,1.440000057220459E0,TRUE,258)
COMMIT
DELETE FROM USER_SESSION WHERE BOOK_ID=68
INSERT INTO USER_SESSION VALUES(68,1778474217075,210,1.440000057220459E0,TRUE,258)
COMMIT
DELETE FROM USER_SESSION WHERE BOOK_ID=68
INSERT INTO USER_SESSION VALUES(68,1778474217433,209,1.440000057220459E0,TRUE,258)
COMMIT
DELETE FROM USER_SESSION WHERE BOOK_ID=68
INSERT INTO USER_SESSION VALUES(68,1778474217668,208,1.440000057220459E0,TRUE,258)
COMMIT
DELETE FROM USER_SESSION WHERE BOOK_ID=68
INSERT INTO USER_SESSION VALUES(68,1778474217914,207,1.440000057220459E0,TRUE,258)
COMMIT
DELETE FROM USER_SESSION WHERE BOOK_ID=68
INSERT INTO USER_SESSION VALUES(68,1778474218155,206,1.440000057220459E0,TRUE,258)
COMMIT
DELETE FROM USER_SESSION WHERE BOOK_ID=68
INSERT INTO USER_SESSION VALUES(68,1778474219093,205,1.440000057220459E0,TRUE,258)
COMMIT
DELETE FROM USER_SESSION WHERE BOOK_ID=68
INSERT INTO USER_SESSION VALUES(68,1778474219522,204,1.440000057220459E0,TRUE,258)
COMMIT
DELETE FROM USER_SESSION WHERE BOOK_ID=68
INSERT INTO USER_SESSION VALUES(68,1778474219892,203,1.440000057220459E0,TRUE,258)
COMMIT
DELETE FROM USER_SESSION WHERE BOOK_ID=68
INSERT INTO USER_SESSION VALUES(68,1778474221523,204,1.440000057220459E0,TRUE,258)
COMMIT
DELETE FROM USER_SESSION WHERE BOOK_ID=68
INSERT INTO USER_SESSION VALUES(68,1778474224771,203,1.440000057220459E0,TRUE,258)
COMMIT
DELETE FROM USER_SESSION WHERE BOOK_ID=68
INSERT INTO USER_SESSION VALUES(68,1778474225406,202,1.440000057220459E0,TRUE,258)
COMMIT
DELETE FROM USER_SESSION WHERE BOOK_ID=68
INSERT INTO USER_SESSION VALUES(68,1778474226387,201,1.440000057220459E0,TRUE,258)
COMMIT
DELETE FROM USER_SESSION WHERE BOOK_ID=68
INSERT INTO USER_SESSION VALUES(68,1778474226978,200,1.440000057220459E0,TRUE,258)
COMMIT
DELETE FROM USER_SESSION WHERE BOOK_ID=68
INSERT INTO USER_SESSION VALUES(68,1778474227968,199,1.440000057220459E0,TRUE,258)
COMMIT
DELETE FROM USER_SESSION WHERE BOOK_ID=68
INSERT INTO USER_SESSION VALUES(68,1778474228317,198,1.440000057220459E0,TRUE,258)
COMMIT
DELETE FROM USER_SESSION WHERE BOOK_ID=68
INSERT INTO USER_SESSION VALUES(68,1778474228514,197,1.440000057220459E0,TRUE,258)
COMMIT
DELETE FROM USER_SESSION WHERE BOOK_ID=68
INSERT INTO USER_SESSION VALUES(68,1778474228734,196,1.440000057220459E0,TRUE,258)
COMMIT
DELETE FROM USER_SESSION WHERE BOOK_ID=68
INSERT INTO USER_SESSION VALUES(68,1778474228966,195,1.440000057220459E0,TRUE,258)
COMMIT
DELETE FROM USER_SESSION WHERE BOOK_ID=68
INSERT INTO USER_SESSION VALUES(68,1778474229215,194,1.440000057220459E0,TRUE,258)
COMMIT
DELETE FROM USER_SESSION WHERE BOOK_ID=68
INSERT INTO USER_SESSION VALUES(68,1778474229429,193,1.440000057220459E0,TRUE,258)
COMMIT
DELETE FROM USER_SESSION WHERE BOOK_ID=68
INSERT INTO USER_SESSION VALUES(68,1778474230064,192,1.440000057220459E0,TRUE,258)
COMMIT
DELETE FROM USER_SESSION WHERE BOOK_ID=68
INSERT INTO USER_SESSION VALUES(68,1778474230547,191,1.440000057220459E0,TRUE,258)
COMMIT
DELETE FROM USER_SESSION WHERE BOOK_ID=68
INSERT INTO USER_SESSION VALUES(68,1778474230943,190,1.440000057220459E0,TRUE,258)
COMMIT
DELETE FROM USER_SESSION WHERE BOOK_ID=68
INSERT INTO USER_SESSION VALUES(68,1778474231412,189,1.440000057220459E0,TRUE,258)
COMMIT
DELETE FROM USER_SESSION WHERE BOOK_ID=68
INSERT INTO USER_SESSION VALUES(68,1778474231809,188,1.440000057220459E0,TRUE,258)
COMMIT
DELETE FROM USER_SESSION WHERE BOOK_ID=68
INSERT INTO USER_SESSION VALUES(68,1778474232295,187,1.440000057220459E0,TRUE,258)
COMMIT
DELETE FROM USER_SESSION WHERE BOOK_ID=68
INSERT INTO USER_SESSION VALUES(68,1778474232786,186,1.440000057220459E0,TRUE,258)
COMMIT
DELETE FROM USER_SESSION WHERE BOOK_ID=68
INSERT INTO USER_SESSION VALUES(68,1778474233802,185,1.440000057220459E0,TRUE,258)
COMMIT
DELETE FROM USER_SESSION WHERE BOOK_ID=68
INSERT INTO USER_SESSION VALUES(68,1778474234211,184,1.440000057220459E0,TRUE,258)
COMMIT
DELETE FROM USER_SESSION WHERE BOOK_ID=68
INSERT INTO USER_SESSION VALUES(68,1778474234684,183,1.440000057220459E0,TRUE,258)
COMMIT
DELETE FROM USER_SESSION WHERE BOOK_ID=68
INSERT INTO USER_SESSION VALUES(68,1778474235260,182,1.440000057220459E0,TRUE,258)
COMMIT
DELETE FROM USER_SESSION WHERE BOOK_ID=68
INSERT INTO USER_SESSION VALUES(68,1778474237636,181,1.440000057220459E0,TRUE,258)
COMMIT
DELETE FROM USER_SESSION WHERE BOOK_ID=68
INSERT INTO USER_SESSION VALUES(68,1778474238145,180,1.440000057220459E0,TRUE,258)
COMMIT
DELETE FROM USER_SESSION WHERE BOOK_ID=68
INSERT INTO USER_SESSION VALUES(68,1778474238751,179,1.440000057220459E0,TRUE,258)
COMMIT
DELETE FROM USER_SESSION WHERE BOOK_ID=68
INSERT INTO USER_SESSION VALUES(68,1778474239307,178,1.440000057220459E0,TRUE,258)
COMMIT
DELETE FROM USER_SESSION WHERE BOOK_ID=68
INSERT INTO USER_SESSION VALUES(68,1778474240737,177,1.440000057220459E0,TRUE,258)
COMMIT
DELETE FROM USER_SESSION WHERE BOOK_ID=68
INSERT INTO USER_SESSION VALUES(68,1778474241332,176,1.440000057220459E0,TRUE,258)
COMMIT
DELETE FROM USER_SESSION WHERE BOOK_ID=68
INSERT INTO USER_SESSION VALUES(68,1778474241865,175,1.440000057220459E0,TRUE,258)
COMMIT
DELETE FROM USER_SESSION WHERE BOOK_ID=68
INSERT INTO USER_SESSION VALUES(68,1778474242919,174,1.440000057220459E0,TRUE,258)
COMMIT
DELETE FROM USER_SESSION WHERE BOOK_ID=68
INSERT INTO USER_SESSION VALUES(68,1778474243412,173,1.440000057220459E0,TRUE,258)
COMMIT
DELETE FROM USER_SESSION WHERE BOOK_ID=68
INSERT INTO USER_SESSION VALUES(68,1778474244295,172,1.440000057220459E0,TRUE,258)
COMMIT
DELETE FROM USER_SESSION WHERE BOOK_ID=68
INSERT INTO USER_SESSION VALUES(68,1778474244585,171,1.440000057220459E0,TRUE,258)
COMMIT
DELETE FROM USER_SESSION WHERE BOOK_ID=68
INSERT INTO USER_SESSION VALUES(68,1778474244811,170,1.440000057220459E0,TRUE,258)
COMMIT
DELETE FROM USER_SESSION WHERE BOOK_ID=68
INSERT INTO USER_SESSION VALUES(68,1778474245156,169,1.440000057220459E0,TRUE,258)
COMMIT
DELETE FROM USER_SESSION WHERE BOOK_ID=68
INSERT INTO USER_SESSION VALUES(68,1778474245558,168,1.440000057220459E0,TRUE,258)
COMMIT
DELETE FROM USER_SESSION WHERE BOOK_ID=68
INSERT INTO USER_SESSION VALUES(68,1778474246027,167,1.440000057220459E0,TRUE,258)
COMMIT
DELETE FROM USER_SESSION WHERE BOOK_ID=68
INSERT INTO USER_SESSION VALUES(68,1778474246426,166,1.440000057220459E0,TRUE,258)
COMMIT
DELETE FROM USER_SESSION WHERE BOOK_ID=68
INSERT INTO USER_SESSION VALUES(68,1778474247067,165,1.440000057220459E0,TRUE,258)
COMMIT
DELETE FROM USER_SESSION WHERE BOOK_ID=68
INSERT INTO USER_SESSION VALUES(68,1778474247585,164,1.440000057220459E0,TRUE,258)
COMMIT
DELETE FROM USER_SESSION WHERE BOOK_ID=68
INSERT INTO USER_SESSION VALUES(68,1778474248157,163,1.440000057220459E0,TRUE,258)
COMMIT
DELETE FROM USER_SESSION WHERE BOOK_ID=68
INSERT INTO USER_SESSION VALUES(68,1778474248604,162,1.440000057220459E0,TRUE,258)
COMMIT
DELETE FROM USER_SESSION WHERE BOOK_ID=68
INSERT INTO USER_SESSION VALUES(68,1778474249131,161,1.440000057220459E0,TRUE,258)
COMMIT
DELETE FROM USER_SESSION WHERE BOOK_ID=68
INSERT INTO USER_SESSION VALUES(68,1778474249658,160,1.440000057220459E0,TRUE,258)
COMMIT
DELETE FROM USER_SESSION WHERE BOOK_ID=68
INSERT INTO USER_SESSION VALUES(68,1778474250780,159,1.440000057220459E0,TRUE,258)
COMMIT
DELETE FROM USER_SESSION WHERE BOOK_ID=68
INSERT INTO USER_SESSION VALUES(68,1778474251205,158,1.440000057220459E0,TRUE,258)
COMMIT
DELETE FROM USER_SESSION WHERE BOOK_ID=68
INSERT INTO USER_SESSION VALUES(68,1778474251651,157,1.440000057220459E0,TRUE,258)
COMMIT
DELETE FROM USER_SESSION WHERE BOOK_ID=68
INSERT INTO USER_SESSION VALUES(68,1778474252214,156,1.440000057220459E0,TRUE,258)
COMMIT
DELETE FROM USER_SESSION WHERE BOOK_ID=68
INSERT INTO USER_SESSION VALUES(68,1778474253189,155,1.440000057220459E0,TRUE,258)
COMMIT
DELETE FROM USER_SESSION WHERE BOOK_ID=68
INSERT INTO USER_SESSION VALUES(68,1778474253779,154,1.440000057220459E0,TRUE,258)
COMMIT
DELETE FROM USER_SESSION WHERE BOOK_ID=68
INSERT INTO USER_SESSION VALUES(68,1778474254817,153,1.440000057220459E0,TRUE,258)
COMMIT
DELETE FROM USER_SESSION WHERE BOOK_ID=68
INSERT INTO USER_SESSION VALUES(68,1778474255441,152,1.440000057220459E0,TRUE,258)
COMMIT
DELETE FROM USER_SESSION WHERE BOOK_ID=68
INSERT INTO USER_SESSION VALUES(68,1778474256258,151,1.440000057220459E0,TRUE,258)
COMMIT
DELETE FROM USER_SESSION WHERE BOOK_ID=68
INSERT INTO USER_SESSION VALUES(68,1778474256708,150,1.440000057220459E0,TRUE,258)
COMMIT
DELETE FROM USER_SESSION WHERE BOOK_ID=68
INSERT INTO USER_SESSION VALUES(68,1778474257163,149,1.440000057220459E0,TRUE,258)
COMMIT
DELETE FROM USER_SESSION WHERE BOOK_ID=68
INSERT INTO USER_SESSION VALUES(68,1778474257545,148,1.440000057220459E0,TRUE,258)
COMMIT
DELETE FROM USER_SESSION WHERE BOOK_ID=68
INSERT INTO USER_SESSION VALUES(68,1778474257789,147,1.440000057220459E0,TRUE,258)
COMMIT
DELETE FROM USER_SESSION WHERE BOOK_ID=68
INSERT INTO USER_SESSION VALUES(68,1778474258331,146,1.440000057220459E0,TRUE,258)
COMMIT
DELETE FROM USER_SESSION WHERE BOOK_ID=68
INSERT INTO USER_SESSION VALUES(68,1778474258794,145,1.440000057220459E0,TRUE,258)
COMMIT
DELETE FROM USER_SESSION WHERE BOOK_ID=68
INSERT INTO USER_SESSION VALUES(68,1778474259410,144,1.440000057220459E0,TRUE,258)
COMMIT
DELETE FROM USER_SESSION WHERE BOOK_ID=68
INSERT INTO USER_SESSION VALUES(68,1778474259973,143,1.440000057220459E0,TRUE,258)
COMMIT
DELETE FROM USER_SESSION WHERE BOOK_ID=68
INSERT INTO USER_SESSION VALUES(68,1778474260518,142,1.440000057220459E0,TRUE,258)
COMMIT
DELETE FROM USER_SESSION WHERE BOOK_ID=68
INSERT INTO USER_SESSION VALUES(68,1778474261071,141,1.440000057220459E0,TRUE,258)
COMMIT
DELETE FROM USER_SESSION WHERE BOOK_ID=68
INSERT INTO USER_SESSION VALUES(68,1778474261610,140,1.440000057220459E0,TRUE,258)
COMMIT
DELETE FROM USER_SESSION WHERE BOOK_ID=68
INSERT INTO USER_SESSION VALUES(68,1778474262090,139,1.440000057220459E0,TRUE,258)
COMMIT
DELETE FROM USER_SESSION WHERE BOOK_ID=68
INSERT INTO USER_SESSION VALUES(68,1778474262735,138,1.440000057220459E0,TRUE,258)
COMMIT
DELETE FROM USER_SESSION WHERE BOOK_ID=68
INSERT INTO USER_SESSION VALUES(68,1778474263214,137,1.440000057220459E0,TRUE,258)
COMMIT
DELETE FROM USER_SESSION WHERE BOOK_ID=68
INSERT INTO USER_SESSION VALUES(68,1778474264302,138,1.440000057220459E0,TRUE,258)
COMMIT
DELETE FROM USER_SESSION WHERE BOOK_ID=68
INSERT INTO USER_SESSION VALUES(68,1778474280108,137,1.440000057220459E0,TRUE,258)
COMMIT
DELETE FROM USER_SESSION WHERE BOOK_ID=68
INSERT INTO USER_SESSION VALUES(68,1778474280744,136,1.440000057220459E0,TRUE,258)
COMMIT
DELETE FROM USER_SESSION WHERE BOOK_ID=68
INSERT INTO USER_SESSION VALUES(68,1778474281214,135,1.440000057220459E0,TRUE,258)
COMMIT
DELETE FROM USER_SESSION WHERE BOOK_ID=68
INSERT INTO USER_SESSION VALUES(68,1778474281838,134,1.440000057220459E0,TRUE,258)
COMMIT
DELETE FROM USER_SESSION WHERE BOOK_ID=68
INSERT INTO USER_SESSION VALUES(68,1778474282306,133,1.440000057220459E0,TRUE,258)
COMMIT
DELETE FROM USER_SESSION WHERE BOOK_ID=68
INSERT INTO USER_SESSION VALUES(68,1778474283234,134,1.440000057220459E0,TRUE,258)
COMMIT
DELETE FROM USER_SESSION WHERE BOOK_ID=68
INSERT INTO USER_SESSION VALUES(68,1778474284731,133,1.440000057220459E0,TRUE,258)
COMMIT
DELETE FROM USER_SESSION WHERE BOOK_ID=68
INSERT INTO USER_SESSION VALUES(68,1778474285156,132,1.440000057220459E0,TRUE,258)
COMMIT
DELETE FROM USER_SESSION WHERE BOOK_ID=68
INSERT INTO USER_SESSION VALUES(68,1778474285382,131,1.440000057220459E0,TRUE,258)
COMMIT
DELETE FROM USER_SESSION WHERE BOOK_ID=68
INSERT INTO USER_SESSION VALUES(68,1778474285779,130,1.440000057220459E0,TRUE,258)
COMMIT
DELETE FROM USER_SESSION WHERE BOOK_ID=68
INSERT INTO USER_SESSION VALUES(68,1778474286081,129,1.440000057220459E0,TRUE,258)
COMMIT
DELETE FROM USER_SESSION WHERE BOOK_ID=68
INSERT INTO USER_SESSION VALUES(68,1778474287010,128,1.440000057220459E0,TRUE,258)
COMMIT
DELETE FROM USER_SESSION WHERE BOOK_ID=68
INSERT INTO USER_SESSION VALUES(68,1778474287467,127,1.440000057220459E0,TRUE,258)
COMMIT
DELETE FROM USER_SESSION WHERE BOOK_ID=68
INSERT INTO USER_SESSION VALUES(68,1778474287914,126,1.440000057220459E0,TRUE,258)
COMMIT
DELETE FROM USER_SESSION WHERE BOOK_ID=68
INSERT INTO USER_SESSION VALUES(68,1778474288506,125,1.440000057220459E0,TRUE,258)
COMMIT
DELETE FROM USER_SESSION WHERE BOOK_ID=68
INSERT INTO USER_SESSION VALUES(68,1778474289436,124,1.440000057220459E0,TRUE,258)
COMMIT
DELETE FROM USER_SESSION WHERE BOOK_ID=68
INSERT INTO USER_SESSION VALUES(68,1778474289653,123,1.440000057220459E0,TRUE,258)
COMMIT
DELETE FROM USER_SESSION WHERE BOOK_ID=68
INSERT INTO USER_SESSION VALUES(68,1778474289911,122,1.440000057220459E0,TRUE,258)
COMMIT
DELETE FROM USER_SESSION WHERE BOOK_ID=68
INSERT INTO USER_SESSION VALUES(68,1778474290333,121,1.440000057220459E0,TRUE,258)
COMMIT
DELETE FROM USER_SESSION WHERE BOOK_ID=68
INSERT INTO USER_SESSION VALUES(68,1778474290760,120,1.440000057220459E0,TRUE,258)
COMMIT
DELETE FROM USER_SESSION WHERE BOOK_ID=68
INSERT INTO USER_SESSION VALUES(68,1778474291207,119,1.440000057220459E0,TRUE,258)
COMMIT
DELETE FROM USER_SESSION WHERE BOOK_ID=68
INSERT INTO USER_SESSION VALUES(68,1778474291529,118,1.440000057220459E0,TRUE,258)
COMMIT
DELETE FROM USER_SESSION WHERE BOOK_ID=68
INSERT INTO USER_SESSION VALUES(68,1778474292097,117,1.440000057220459E0,TRUE,258)
COMMIT
DELETE FROM USER_SESSION WHERE BOOK_ID=68
INSERT INTO USER_SESSION VALUES(68,1778474292622,116,1.440000057220459E0,TRUE,258)
COMMIT
DELETE FROM USER_SESSION WHERE BOOK_ID=68
INSERT INTO USER_SESSION VALUES(68,1778474293082,115,1.440000057220459E0,TRUE,258)
COMMIT
DELETE FROM USER_SESSION WHERE BOOK_ID=68
INSERT INTO USER_SESSION VALUES(68,1778474293985,114,1.440000057220459E0,TRUE,258)
COMMIT
DELETE FROM USER_SESSION WHERE BOOK_ID=68
INSERT INTO USER_SESSION VALUES(68,1778474294528,113,1.440000057220459E0,TRUE,258)
COMMIT
DELETE FROM USER_SESSION WHERE BOOK_ID=68
INSERT INTO USER_SESSION VALUES(68,1778474295137,112,1.440000057220459E0,TRUE,258)
COMMIT
DELETE FROM USER_SESSION WHERE BOOK_ID=68
INSERT INTO USER_SESSION VALUES(68,1778474296216,111,1.440000057220459E0,TRUE,258)
COMMIT
DELETE FROM USER_SESSION WHERE BOOK_ID=68
INSERT INTO USER_SESSION VALUES(68,1778474296833,110,1.440000057220459E0,TRUE,258)
COMMIT
DELETE FROM USER_SESSION WHERE BOOK_ID=68
INSERT INTO USER_SESSION VALUES(68,1778474297092,109,1.440000057220459E0,TRUE,258)
COMMIT
DELETE FROM USER_SESSION WHERE BOOK_ID=68
INSERT INTO USER_SESSION VALUES(68,1778474297368,108,1.440000057220459E0,TRUE,258)
COMMIT
DELETE FROM USER_SESSION WHERE BOOK_ID=68
INSERT INTO USER_SESSION VALUES(68,1778474297700,107,1.440000057220459E0,TRUE,258)
COMMIT
DELETE FROM USER_SESSION WHERE BOOK_ID=68
INSERT INTO USER_SESSION VALUES(68,1778474297969,106,1.440000057220459E0,TRUE,258)
COMMIT
DELETE FROM USER_SESSION WHERE BOOK_ID=68
INSERT INTO USER_SESSION VALUES(68,1778474298337,105,1.440000057220459E0,TRUE,258)
COMMIT
DELETE FROM USER_SESSION WHERE BOOK_ID=68
INSERT INTO USER_SESSION VALUES(68,1778474298593,104,1.440000057220459E0,TRUE,258)
COMMIT
DELETE FROM USER_SESSION WHERE BOOK_ID=68
INSERT INTO USER_SESSION VALUES(68,1778474298853,103,1.440000057220459E0,TRUE,258)
COMMIT
DELETE FROM USER_SESSION WHERE BOOK_ID=68
INSERT INTO USER_SESSION VALUES(68,1778474299106,102,1.440000057220459E0,TRUE,258)
COMMIT
DELETE FROM USER_SESSION WHERE BOOK_ID=68
INSERT INTO USER_SESSION VALUES(68,1778474299353,101,1.440000057220459E0,TRUE,258)
COMMIT
DELETE FROM USER_SESSION WHERE BOOK_ID=68
INSERT INTO USER_SESSION VALUES(68,1778474299595,100,1.440000057220459E0,TRUE,258)
COMMIT
DELETE FROM USER_SESSION WHERE BOOK_ID=68
INSERT INTO USER_SESSION VALUES(68,1778474299852,99,1.440000057220459E0,TRUE,258)
COMMIT
DELETE FROM USER_SESSION WHERE BOOK_ID=68
INSERT INTO USER_SESSION VALUES(68,1778474300102,98,1.440000057220459E0,TRUE,258)
COMMIT
DELETE FROM USER_SESSION WHERE BOOK_ID=68
INSERT INTO USER_SESSION VALUES(68,1778474300316,97,1.440000057220459E0,TRUE,258)
COMMIT
DELETE FROM USER_SESSION WHERE BOOK_ID=68
INSERT INTO USER_SESSION VALUES(68,1778474300543,96,1.440000057220459E0,TRUE,258)
COMMIT
DELETE FROM USER_SESSION WHERE BOOK_ID=68
INSERT INTO USER_SESSION VALUES(68,1778474302240,95,1.440000057220459E0,TRUE,258)
COMMIT
DELETE FROM USER_SESSION WHERE BOOK_ID=68
INSERT INTO USER_SESSION VALUES(68,1778474302832,94,1.440000057220459E0,TRUE,258)
COMMIT
DELETE FROM USER_SESSION WHERE BOOK_ID=68
INSERT INTO USER_SESSION VALUES(68,1778474303314,93,1.440000057220459E0,TRUE,258)
COMMIT
DELETE FROM USER_SESSION WHERE BOOK_ID=68
INSERT INTO USER_SESSION VALUES(68,1778474303981,92,1.440000057220459E0,TRUE,258)
COMMIT
DELETE FROM USER_SESSION WHERE BOOK_ID=68
INSERT INTO USER_SESSION VALUES(68,1778474304614,91,1.440000057220459E0,TRUE,258)
COMMIT
DELETE FROM USER_SESSION WHERE BOOK_ID=68
INSERT INTO USER_SESSION VALUES(68,1778474305236,90,1.440000057220459E0,TRUE,258)
COMMIT
DELETE FROM USER_SESSION WHERE BOOK_ID=68
INSERT INTO USER_SESSION VALUES(68,1778474306768,89,1.440000057220459E0,TRUE,258)
COMMIT
DELETE FROM USER_SESSION WHERE BOOK_ID=68
INSERT INTO USER_SESSION VALUES(68,1778474307455,88,1.440000057220459E0,TRUE,258)
COMMIT
DELETE FROM USER_SESSION WHERE BOOK_ID=68
INSERT INTO USER_SESSION VALUES(68,1778474308009,87,1.440000057220459E0,TRUE,258)
COMMIT
DELETE FROM USER_SESSION WHERE BOOK_ID=68
INSERT INTO USER_SESSION VALUES(68,1778474308645,86,1.440000057220459E0,TRUE,258)
COMMIT
DELETE FROM USER_SESSION WHERE BOOK_ID=68
INSERT INTO USER_SESSION VALUES(68,1778474309666,85,1.440000057220459E0,TRUE,258)
COMMIT
DELETE FROM USER_SESSION WHERE BOOK_ID=68
INSERT INTO USER_SESSION VALUES(68,1778474310066,84,1.440000057220459E0,TRUE,258)
COMMIT
DELETE FROM USER_SESSION WHERE BOOK_ID=68
INSERT INTO USER_SESSION VALUES(68,1778474310330,83,1.440000057220459E0,TRUE,258)
COMMIT
DELETE FROM USER_SESSION WHERE BOOK_ID=68
INSERT INTO USER_SESSION VALUES(68,1778474311032,82,1.440000057220459E0,TRUE,258)
COMMIT
DELETE FROM USER_SESSION WHERE BOOK_ID=68
INSERT INTO USER_SESSION VALUES(68,1778474311468,81,1.440000057220459E0,TRUE,258)
COMMIT
DELETE FROM USER_SESSION WHERE BOOK_ID=68
INSERT INTO USER_SESSION VALUES(68,1778474311993,80,1.440000057220459E0,TRUE,258)
COMMIT
DELETE FROM USER_SESSION WHERE BOOK_ID=68
INSERT INTO USER_SESSION VALUES(68,1778474312243,79,1.440000057220459E0,TRUE,258)
COMMIT
DELETE FROM USER_SESSION WHERE BOOK_ID=68
INSERT INTO USER_SESSION VALUES(68,1778474312494,78,1.440000057220459E0,TRUE,258)
COMMIT
DELETE FROM USER_SESSION WHERE BOOK_ID=68
INSERT INTO USER_SESSION VALUES(68,1778474312751,77,1.440000057220459E0,TRUE,258)
COMMIT
DELETE FROM USER_SESSION WHERE BOOK_ID=68
INSERT INTO USER_SESSION VALUES(68,1778474313015,76,1.440000057220459E0,TRUE,258)
COMMIT
DELETE FROM USER_SESSION WHERE BOOK_ID=68
INSERT INTO USER_SESSION VALUES(68,1778474313283,75,1.440000057220459E0,TRUE,258)
COMMIT
DELETE FROM USER_SESSION WHERE BOOK_ID=68
INSERT INTO USER_SESSION VALUES(68,1778474313653,74,1.440000057220459E0,TRUE,258)
COMMIT
DELETE FROM USER_SESSION WHERE BOOK_ID=68
INSERT INTO USER_SESSION VALUES(68,1778474313869,73,1.440000057220459E0,TRUE,258)
COMMIT
DELETE FROM USER_SESSION WHERE BOOK_ID=68
INSERT INTO USER_SESSION VALUES(68,1778474314227,72,1.440000057220459E0,TRUE,258)
COMMIT
DELETE FROM USER_SESSION WHERE BOOK_ID=68
INSERT INTO USER_SESSION VALUES(68,1778474314583,71,1.440000057220459E0,TRUE,258)
COMMIT
DELETE FROM USER_SESSION WHERE BOOK_ID=68
INSERT INTO USER_SESSION VALUES(68,1778474314880,70,1.440000057220459E0,TRUE,258)
COMMIT
DELETE FROM USER_SESSION WHERE BOOK_ID=68
INSERT INTO USER_SESSION VALUES(68,1778474315685,69,1.440000057220459E0,TRUE,258)
COMMIT
DELETE FROM USER_SESSION WHERE BOOK_ID=68
INSERT INTO USER_SESSION VALUES(68,1778474316143,68,1.440000057220459E0,TRUE,258)
COMMIT
DELETE FROM USER_SESSION WHERE BOOK_ID=68
INSERT INTO USER_SESSION VALUES(68,1778474316397,67,1.440000057220459E0,TRUE,258)
COMMIT
DELETE FROM USER_SESSION WHERE BOOK_ID=68
INSERT INTO USER_SESSION VALUES(68,1778474317089,66,1.440000057220459E0,TRUE,258)
COMMIT
DELETE FROM USER_SESSION WHERE BOOK_ID=68
INSERT INTO USER_SESSION VALUES(68,1778474317297,65,1.440000057220459E0,TRUE,258)
COMMIT
DELETE FROM USER_SESSION WHERE BOOK_ID=68
INSERT INTO USER_SESSION VALUES(68,1778474317557,64,1.440000057220459E0,TRUE,258)
COMMIT
DELETE FROM USER_SESSION WHERE BOOK_ID=68
INSERT INTO USER_SESSION VALUES(68,1778474317811,63,1.440000057220459E0,TRUE,258)
COMMIT
DELETE FROM USER_SESSION WHERE BOOK_ID=68
INSERT INTO USER_SESSION VALUES(68,1778474318067,62,1.440000057220459E0,TRUE,258)
COMMIT
DELETE FROM USER_SESSION WHERE BOOK_ID=68
INSERT INTO USER_SESSION VALUES(68,1778474318295,61,1.440000057220459E0,TRUE,258)
COMMIT
DELETE FROM USER_SESSION WHERE BOOK_ID=68
INSERT INTO USER_SESSION VALUES(68,1778474318547,60,1.440000057220459E0,TRUE,258)
COMMIT
DELETE FROM USER_SESSION WHERE BOOK_ID=68
INSERT INTO USER_SESSION VALUES(68,1778474318779,59,1.440000057220459E0,TRUE,258)
COMMIT
DELETE FROM USER_SESSION WHERE BOOK_ID=68
INSERT INTO USER_SESSION VALUES(68,1778474319032,58,1.440000057220459E0,TRUE,258)
COMMIT
DELETE FROM USER_SESSION WHERE BOOK_ID=68
INSERT INTO USER_SESSION VALUES(68,1778474319222,57,1.440000057220459E0,TRUE,258)
COMMIT
DELETE FROM USER_SESSION WHERE BOOK_ID=68
INSERT INTO USER_SESSION VALUES(68,1778474319476,56,1.440000057220459E0,TRUE,258)
COMMIT
DELETE FROM USER_SESSION WHERE BOOK_ID=68
INSERT INTO USER_SESSION VALUES(68,1778474319720,55,1.440000057220459E0,TRUE,258)
COMMIT
DELETE FROM USER_SESSION WHERE BOOK_ID=68
INSERT INTO USER_SESSION VALUES(68,1778474319974,54,1.440000057220459E0,TRUE,258)
COMMIT
DELETE FROM USER_SESSION WHERE BOOK_ID=68
INSERT INTO USER_SESSION VALUES(68,1778474320466,53,1.440000057220459E0,TRUE,258)
COMMIT
DELETE FROM USER_SESSION WHERE BOOK_ID=68
INSERT INTO USER_SESSION VALUES(68,1778474320674,52,1.440000057220459E0,TRUE,258)
COMMIT
DELETE FROM USER_SESSION WHERE BOOK_ID=68
INSERT INTO USER_SESSION VALUES(68,1778474320930,51,1.440000057220459E0,TRUE,258)
COMMIT
DELETE FROM USER_SESSION WHERE BOOK_ID=68
INSERT INTO USER_SESSION VALUES(68,1778474321197,50,1.440000057220459E0,TRUE,258)
COMMIT
DELETE FROM USER_SESSION WHERE BOOK_ID=68
INSERT INTO USER_SESSION VALUES(68,1778474321450,49,1.440000057220459E0,TRUE,258)
COMMIT
DELETE FROM USER_SESSION WHERE BOOK_ID=68
INSERT INTO USER_SESSION VALUES(68,1778474321686,48,1.440000057220459E0,TRUE,258)
COMMIT
DELETE FROM USER_SESSION WHERE BOOK_ID=68
INSERT INTO USER_SESSION VALUES(68,1778474321916,47,1.440000057220459E0,TRUE,258)
COMMIT
DELETE FROM USER_SESSION WHERE BOOK_ID=68
INSERT INTO USER_SESSION VALUES(68,1778474322150,46,1.440000057220459E0,TRUE,258)
COMMIT
DELETE FROM USER_SESSION WHERE BOOK_ID=68
INSERT INTO USER_SESSION VALUES(68,1778474322328,45,1.440000057220459E0,TRUE,258)
COMMIT
DELETE FROM USER_SESSION WHERE BOOK_ID=68
INSERT INTO USER_SESSION VALUES(68,1778474322560,44,1.440000057220459E0,TRUE,258)
COMMIT
DELETE FROM USER_SESSION WHERE BOOK_ID=68
INSERT INTO USER_SESSION VALUES(68,1778474322727,43,1.440000057220459E0,TRUE,258)
COMMIT
DELETE FROM USER_SESSION WHERE BOOK_ID=68
INSERT INTO USER_SESSION VALUES(68,1778474322950,42,1.440000057220459E0,TRUE,258)
COMMIT
DELETE FROM USER_SESSION WHERE BOOK_ID=68
INSERT INTO USER_SESSION VALUES(68,1778474323151,41,1.440000057220459E0,TRUE,258)
COMMIT
DELETE FROM USER_SESSION WHERE BOOK_ID=68
INSERT INTO USER_SESSION VALUES(68,1778474323151,41,1.440000057220459E0,FALSE,258)
COMMIT
DELETE FROM USER_SESSION WHERE BOOK_ID=94
INSERT INTO USER_SESSION VALUES(94,1778474326593,78,1.440000057220459E0,TRUE,408)
COMMIT
DELETE FROM USER_SESSION WHERE BOOK_ID=68
INSERT INTO USER_SESSION VALUES(68,1778474323151,41,1.440000057220459E0,TRUE,258)
COMMIT
DELETE FROM USER_SESSION WHERE BOOK_ID=68
INSERT INTO USER_SESSION VALUES(68,1778474332733,41,1.440000057220459E0,TRUE,258)
COMMIT
DELETE FROM USER_SESSION WHERE BOOK_ID=68
INSERT INTO USER_SESSION VALUES(68,1778474332858,41,1.440000057220459E0,TRUE,258)
COMMIT
DELETE FROM USER_SESSION WHERE BOOK_ID=68
INSERT INTO USER_SESSION VALUES(68,1778474335496,40,1.440000057220459E0,TRUE,258)
COMMIT
DELETE FROM USER_SESSION WHERE BOOK_ID=68
INSERT INTO USER_SESSION VALUES(68,1778474336150,39,1.440000057220459E0,TRUE,258)
COMMIT
DELETE FROM USER_SESSION WHERE BOOK_ID=68
INSERT INTO USER_SESSION VALUES(68,1778474336489,38,1.440000057220459E0,TRUE,258)
COMMIT
DELETE FROM USER_SESSION WHERE BOOK_ID=68
INSERT INTO USER_SESSION VALUES(68,1778474339127,39,1.440000057220459E0,TRUE,258)
COMMIT
DELETE FROM USER_SESSION WHERE BOOK_ID=68
INSERT INTO USER_SESSION VALUES(68,1778474339304,40,1.440000057220459E0,TRUE,258)
COMMIT
DELETE FROM USER_SESSION WHERE BOOK_ID=68
INSERT INTO USER_SESSION VALUES(68,1778474339513,41,1.440000057220459E0,TRUE,258)
COMMIT
DELETE FROM USER_SESSION WHERE BOOK_ID=68
INSERT INTO USER_SESSION VALUES(68,1778474339829,42,1.440000057220459E0,TRUE,258)
COMMIT
DELETE FROM USER_SESSION WHERE BOOK_ID=68
INSERT INTO USER_SESSION VALUES(68,1778474340154,43,1.440000057220459E0,TRUE,258)
COMMIT
DELETE FROM USER_SESSION WHERE BOOK_ID=68
INSERT INTO USER_SESSION VALUES(68,1778474340687,44,1.440000057220459E0,TRUE,258)
COMMIT
DELETE FROM USER_SESSION WHERE BOOK_ID=68
INSERT INTO USER_SESSION VALUES(68,1778474341131,45,1.440000057220459E0,TRUE,258)
COMMIT
DELETE FROM USER_SESSION WHERE BOOK_ID=68
INSERT INTO USER_SESSION VALUES(68,1778474341685,46,1.440000057220459E0,TRUE,258)
COMMIT
DELETE FROM USER_SESSION WHERE BOOK_ID=68
INSERT INTO USER_SESSION VALUES(68,1778474342276,47,1.440000057220459E0,TRUE,258)
COMMIT
DELETE FROM USER_SESSION WHERE BOOK_ID=68
INSERT INTO USER_SESSION VALUES(68,1778474343088,48,1.440000057220459E0,TRUE,258)
COMMIT
DELETE FROM USER_SESSION WHERE BOOK_ID=68
INSERT INTO USER_SESSION VALUES(68,1778474343789,49,1.440000057220459E0,TRUE,258)
COMMIT
DELETE FROM USER_SESSION WHERE BOOK_ID=68
INSERT INTO USER_SESSION VALUES(68,1778474344614,50,1.440000057220459E0,TRUE,258)
COMMIT
DELETE FROM USER_SESSION WHERE BOOK_ID=68
INSERT INTO USER_SESSION VALUES(68,1778474348231,51,1.440000057220459E0,TRUE,258)
COMMIT
DELETE FROM USER_SESSION WHERE BOOK_ID=123
INSERT INTO USER_SESSION VALUES(123,1778475208001,2000,1.440000057220459E0,TRUE,2755)
COMMIT
DELETE FROM USER_SESSION WHERE BOOK_ID=124
INSERT INTO USER_SESSION VALUES(124,1778475210007,527,1.440000057220459E0,TRUE,715)
COMMIT
DELETE FROM USER_SESSION WHERE BOOK_ID=114
INSERT INTO USER_SESSION VALUES(114,1778475212173,224,2.4883203506469727E0,TRUE,360)
COMMIT
DELETE FROM USER_SESSION WHERE BOOK_ID=24
INSERT INTO USER_SESSION VALUES(24,1778475213560,157,1.440000057220459E0,TRUE,428)
COMMIT
DELETE FROM USER_SESSION WHERE BOOK_ID=94
INSERT INTO USER_SESSION VALUES(94,1778475216139,78,1.440000057220459E0,TRUE,408)
COMMIT
DELETE FROM USER_SESSION WHERE BOOK_ID=124
INSERT INTO USER_SESSION VALUES(124,1778475217347,527,1.440000057220459E0,TRUE,715)
COMMIT
DELETE FROM USER_SESSION WHERE BOOK_ID=68
INSERT INTO USER_SESSION VALUES(68,1778475218522,51,1.440000057220459E0,TRUE,258)
COMMIT
/*C20*/SET SCHEMA PUBLIC
DISCONNECT
/*C16*/SET SCHEMA PUBLIC
DISCONNECT
/*C15*/SET SCHEMA PUBLIC
DISCONNECT
/*C18*/SET SCHEMA PUBLIC
DISCONNECT
/*C17*/SET SCHEMA PUBLIC
DISCONNECT
/*C12*/DISCONNECT
/*C13*/SET SCHEMA PUBLIC
DISCONNECT
/*C21*/SET SCHEMA PUBLIC
DISCONNECT
/*C14*/SET SCHEMA PUBLIC
DISCONNECT
/*C19*/SET SCHEMA PUBLIC
DISCONNECT
/*C22*/SET SCHEMA PUBLIC
DISCONNECT
/*C23*/SET SCHEMA PUBLIC
DISCONNECT
/*C24*/SET SCHEMA PUBLIC
DISCONNECT
/*C25*/SET SCHEMA PUBLIC
DISCONNECT
/*C26*/SET SCHEMA PUBLIC
DISCONNECT
/*C27*/SET SCHEMA PUBLIC
DISCONNECT
/*C28*/SET SCHEMA PUBLIC
DISCONNECT
/*C29*/SET SCHEMA PUBLIC
DISCONNECT
/*C30*/SET SCHEMA PUBLIC
DISCONNECT
/*C31*/SET SCHEMA PUBLIC
DISCONNECT
